62.60.98.133 - - [09/Jul/2007:08:23:13 +0000] "GET /images/linksimg.gif HTTP/1.1" 200 603 "http://www.dummydomain.co.uk/resource.php?res_id=136" "Mozilla/4.0 (compatible; MSIE 6.0; Windows NT 5.1; .NET CLR 1.1.4322)"
62.60.98.133 - - [09/Jul/2007:08:23:13 +0000] "GET /images/legalimg.gif HTTP/1.1" 200 617 "http://www.dummydomain.co.uk/resource.php?res_id=136" "Mozilla/4.0 (compatible; MSIE 6.0; Windows NT 5.1; .NET CLR 1.1.4322)"
62.60.98.133 - - [09/Jul/2007:08:23:13 +0000] "GET /images/resourcesimg.gif HTTP/1.1" 200 589 "http://www.dummydomain.co.uk/resource.php?res_id=136" "Mozilla/4.0 (compatible; MSIE 6.0; Windows NT 5.1; .NET CLR 1.1.4322)"
62.60.98.133 - - [09/Jul/2007:08:23:13 +0000] "GET /images/buy_at_amazon.gif HTTP/1.1" 200 2240 "http://www.dummydomain.co.uk/resource.php?res_id=136" "Mozilla/4.0 (compatible; MSIE 6.0; Windows NT 5.1; .NET CLR 1.1.4322)"
66.249.72.79 - - [09/Jul/2007:08:23:16 +0000] "GET /resource.php?res_id=155 HTTP/1.1" 200 4081 "-" "Mozilla/5.0 (compatible; Googlebot/2.1; +http://www.google.com/bot.html)"
66.249.72.79 - - [09/Jul/2007:08:23:55 +0000] "GET /resource.php?res_id=156 HTTP/1.1" 200 4295 "-" "Mozilla/5.0 (compatible; Googlebot/2.1; +http://www.google.com/bot.html)"
66.249.72.79 - - [09/Jul/2007:08:24:05 +0000] "GET /resource.php?res_id=152 HTTP/1.1" 200 4036 "-" "Mozilla/5.0 (compatible; Googlebot/2.1; +http://www.google.com/bot.html)"
66.249.72.79 - - [09/Jul/2007:08:24:09 +0000] "GET /loc.php?l_id=466 HTTP/1.1" 200 3930 "-" "Mozilla/5.0 (compatible; Googlebot/2.1; +http://www.google.com/bot.html)"
66.249.72.79 - - [09/Jul/2007:08:24:24 +0000] "GET /resource.php?res_id=286 HTTP/1.1" 200 3804 "-" "Mozilla/5.0 (compatible; Googlebot/2.1; +http://www.google.com/bot.html)"
66.249.72.79 - - [09/Jul/2007:08:24:28 +0000] "GET /resource.php?res_id=42 HTTP/1.1" 200 3844 "-" "Mozilla/5.0 (compatible; Googlebot/2.1; +http://www.google.com/bot.html)"
66.249.72.79 - - [09/Jul/2007:08:24:32 +0000] "GET /resource.php?res_id=106 HTTP/1.1" 200 4035 "-" "Mozilla/5.0 (compatible; Googlebot/2.1; +http://www.google.com/bot.html)"
66.249.72.79 - - [09/Jul/2007:08:24:37 +0000] "GET /resource.php?res_id=103 HTTP/1.1" 200 3975 "-" "Mozilla/5.0 (compatible; Googlebot/2.1; +http://www.google.com/bot.html)"
66.249.72.79 - - [09/Jul/2007:08:24:40 +0000] "GET /resource.php?res_id=344 HTTP/1.1" 200 4096 "-" "Mozilla/5.0 (compatible; Googlebot/2.1; +http://www.google.com/bot.html)"
66.249.72.79 - - [09/Jul/2007:08:24:45 +0000] "GET /resource.php?res_id=399 HTTP/1.1" 200 3597 "-" "Mozilla/5.0 (compatible; Googlebot/2.1; +http://www.google.com/bot.html)"
66.249.72.79 - - [09/Jul/2007:08:24:48 +0000] "GET /resource.php?res_id=421 HTTP/1.1" 200 3644 "-" "Mozilla/5.0 (compatible; Googlebot/2.1; +http://www.google.com/bot.html)"
66.249.72.79 - - [09/Jul/2007:08:25:08 +0000] "GET /loc.php?l_id=376 HTTP/1.1" 200 3715 "-" "Mozilla/5.0 (compatible; Googlebot/2.1; +http://www.google.com/bot.html)"
66.249.72.79 - - [09/Jul/2007:08:25:11 +0000] "GET /resource.php?res_id=167 HTTP/1.1" 200 3565 "-" "Mozilla/5.0 (compatible; Googlebot/2.1; +http://www.google.com/bot.html)"
66.249.72.79 - - [09/Jul/2007:08:25:15 +0000] "GET /resource.php?res_id=190 HTTP/1.1" 200 3677 "-" "Mozilla/5.0 (compatible; Googlebot/2.1; +http://www.google.com/bot.html)"
66.249.72.79 - - [09/Jul/2007:08:25:18 +0000] "GET /resource.php?res_id=166 HTTP/1.1" 200 3782 "-" "Mozilla/5.0 (compatible; Googlebot/2.1; +http://www.google.com/bot.html)"
66.249.72.79 - - [09/Jul/2007:08:25:23 +0000] "GET /resource.php?res_id=178 HTTP/1.1" 200 3580 "-" "Mozilla/5.0 (compatible; Googlebot/2.1; +http://www.google.com/bot.html)"
66.249.72.79 - - [09/Jul/2007:08:25:26 +0000] "GET /resource.php?res_id=196 HTTP/1.1" 200 3583 "-" "Mozilla/5.0 (compatible; Googlebot/2.1; +http://www.google.com/bot.html)"
66.249.72.79 - - [09/Jul/2007:08:25:30 +0000] "GET /resource.php?res_id=192 HTTP/1.1" 200 3580 "-" "Mozilla/5.0 (compatible; Googlebot/2.1; +http://www.google.com/bot.html)"
66.249.72.79 - - [09/Jul/2007:08:25:33 +0000] "GET /lsearch.php?county_id=97 HTTP/1.1" 200 3648 "-" "Mozilla/5.0 (compatible; Googlebot/2.1; +http://www.google.com/bot.html)"
66.249.72.79 - - [09/Jul/2007:08:25:44 +0000] "GET /resource.php?res_id=169 HTTP/1.1" 200 3829 "-" "Mozilla/5.0 (compatible; Googlebot/2.1; +http://www.google.com/bot.html)"
66.249.72.79 - - [09/Jul/2007:08:26:30 +0000] "GET /loc.php?l_id=77 HTTP/1.1" 200 3729 "-" "Mozilla/5.0 (compatible; Googlebot/2.1; +http://www.google.com/bot.html)"
193.82.84.58 - - [09/Jul/2007:08:26:35 +0000] "GET /loc.php?l_id=304 HTTP/1.0" 200 3864 "http://www.google.co.uk/search?hl=en&q=hall+barn&btnG=Google+Search&meta=" "Mozilla/4.0 (compatible; MSIE 7.0; Windows NT 5.1; .NET CLR 1.1.4322; .NET CLR 2.0.50727)"
193.82.84.58 - - [09/Jul/2007:08:26:35 +0000] "GET /include/standard.css HTTP/1.0" 200 557 "http://www.dummydomain.co.uk/loc.php?l_id=304" "Mozilla/4.0 (compatible; MSIE 7.0; Windows NT 5.1; .NET CLR 1.1.4322; .NET CLR 2.0.50727)"
193.82.84.58 - - [09/Jul/2007:08:26:35 +0000] "GET /images/resourcecell.gif HTTP/1.0" 200 335 "http://www.dummydomain.co.uk/loc.php?l_id=304" "Mozilla/4.0 (compatible; MSIE 7.0; Windows NT 5.1; .NET CLR 1.1.4322; .NET CLR 2.0.50727)"
193.82.84.58 - - [09/Jul/2007:08:26:35 +0000] "GET /images/banner.gif HTTP/1.0" 200 10302 "http://www.dummydomain.co.uk/loc.php?l_id=304" "Mozilla/4.0 (compatible; MSIE 7.0; Windows NT 5.1; .NET CLR 1.1.4322; .NET CLR 2.0.50727)"
193.82.84.58 - - [09/Jul/2007:08:26:36 +0000] "GET /images/homeimg.gif HTTP/1.0" 200 625 "http://www.dummydomain.co.uk/loc.php?l_id=304" "Mozilla/4.0 (compatible; MSIE 7.0; Windows NT 5.1; .NET CLR 1.1.4322; .NET CLR 2.0.50727)"
193.82.84.58 - - [09/Jul/2007:08:26:36 +0000] "GET /images/resourcesimg.gif HTTP/1.0" 200 589 "http://www.dummydomain.co.uk/loc.php?l_id=304" "Mozilla/4.0 (compatible; MSIE 7.0; Windows NT 5.1; .NET CLR 1.1.4322; .NET CLR 2.0.50727)"
193.82.84.58 - - [09/Jul/2007:08:26:36 +0000] "GET /images/locationsimg.gif HTTP/1.0" 200 761 "http://www.dummydomain.co.uk/loc.php?l_id=304" "Mozilla/4.0 (compatible; MSIE 7.0; Windows NT 5.1; .NET CLR 1.1.4322; .NET CLR 2.0.50727)"
193.82.84.58 - - [09/Jul/2007:08:26:36 +0000] "GET /images/contactusimg.gif HTTP/1.0" 200 790 "http://www.dummydomain.co.uk/loc.php?l_id=304" "Mozilla/4.0 (compatible; MSIE 7.0; Windows NT 5.1; .NET CLR 1.1.4322; .NET CLR 2.0.50727)"
193.82.84.58 - - [09/Jul/2007:08:26:36 +0000] "GET /images/legalimg.gif HTTP/1.0" 200 617 "http://www.dummydomain.co.uk/loc.php?l_id=304" "Mozilla/4.0 (compatible; MSIE 7.0; Windows NT 5.1; .NET CLR 1.1.4322; .NET CLR 2.0.50727)"
193.82.84.58 - - [09/Jul/2007:08:26:36 +0000] "GET /images/linksimg.gif HTTP/1.0" 200 603 "http://www.dummydomain.co.uk/loc.php?l_id=304" "Mozilla/4.0 (compatible; MSIE 7.0; Windows NT 5.1; .NET CLR 1.1.4322; .NET CLR 2.0.50727)"
193.82.84.58 - - [09/Jul/2007:08:26:37 +0000] "GET /favicon.ico HTTP/1.0" 404 - "-" "Mozilla/4.0 (compatible; MSIE 7.0; Windows NT 5.1; .NET CLR 1.1.4322; .NET CLR 2.0.50727)"
66.249.72.79 - - [09/Jul/2007:08:26:43 +0000] "GET /resource.php?res_id=50 HTTP/1.1" 200 4009 "-" "Mozilla/5.0 (compatible; Googlebot/2.1; +http://www.google.com/bot.html)"
66.249.72.79 - - [09/Jul/2007:08:26:46 +0000] "GET /resource.php?res_id=43 HTTP/1.1" 200 3941 "-" "Mozilla/5.0 (compatible; Googlebot/2.1; +http://www.google.com/bot.html)"
193.82.84.58 - - [09/Jul/2007:08:26:48 +0000] "GET /resource.php?res_id=109 HTTP/1.0" 200 4570 "http://www.dummydomain.co.uk/loc.php?l_id=304" "Mozilla/4.0 (compatible; MSIE 7.0; Windows NT 5.1; .NET CLR 1.1.4322; .NET CLR 2.0.50727)"
193.82.84.58 - - [09/Jul/2007:08:26:48 +0000] "GET /images/buy_at_amazon.gif HTTP/1.0" 200 2240 "http://www.dummydomain.co.uk/resource.php?res_id=109" "Mozilla/4.0 (compatible; MSIE 7.0; Windows NT 5.1; .NET CLR 1.1.4322; .NET CLR 2.0.50727)"
66.249.72.79 - - [09/Jul/2007:08:26:58 +0000] "GET /loc.php?l_id=210 HTTP/1.1" 200 3760 "-" "Mozilla/5.0 (compatible; Googlebot/2.1; +http://www.google.com/bot.html)"
74.6.19.31 - - [09/Jul/2007:08:27:19 +0000] "GET /resource.php?res_id=395 HTTP/1.0" 200 3882 "-" "Mozilla/5.0 (compatible; Yahoo! Slurp; http://help.yahoo.com/help/us/ysearch/slurp)"
66.249.72.79 - - [09/Jul/2007:08:27:29 +0000] "GET /resource.php?res_id=61 HTTP/1.1" 200 4012 "-" "Mozilla/5.0 (compatible; Googlebot/2.1; +http://www.google.com/bot.html)"
74.6.19.43 - - [09/Jul/2007:08:27:29 +0000] "GET /loc.php?l_id=107 HTTP/1.0" 200 3697 "-" "Mozilla/5.0 (compatible; Yahoo! Slurp; http://help.yahoo.com/help/us/ysearch/slurp)"
66.249.72.79 - - [09/Jul/2007:08:27:39 +0000] "GET /loc.php?l_id=146 HTTP/1.1" 200 3723 "-" "Mozilla/5.0 (compatible; Googlebot/2.1; +http://www.google.com/bot.html)"
66.249.72.79 - - [09/Jul/2007:08:27:42 +0000] "GET /loc.php?l_id=96 HTTP/1.1" 200 3728 "-" "Mozilla/5.0 (compatible; Googlebot/2.1; +http://www.google.com/bot.html)"
66.249.72.79 - - [09/Jul/2007:08:27:45 +0000] "GET /loc.php?l_id=525 HTTP/1.1" 200 3743 "-" "Mozilla/5.0 (compatible; Googlebot/2.1; +http://www.google.com/bot.html)"
66.249.72.79 - - [09/Jul/2007:08:27:48 +0000] "GET /loc.php?l_id=647 HTTP/1.1" 200 3716 "-" "Mozilla/5.0 (compatible; Googlebot/2.1; +http://www.google.com/bot.html)"
66.249.72.79 - - [09/Jul/2007:08:27:50 +0000] "GET /loc.php?l_id=645 HTTP/1.1" 200 3712 "-" "Mozilla/5.0 (compatible; Googlebot/2.1; +http://www.google.com/bot.html)"
66.249.72.79 - - [09/Jul/2007:08:27:57 +0000] "GET /resource.php?res_id=224 HTTP/1.1" 200 4326 "-" "Mozilla/5.0 (compatible; Googlebot/2.1; +http://www.google.com/bot.html)"
66.249.72.79 - - [09/Jul/2007:08:28:01 +0000] "GET /loc.php?l_id=169 HTTP/1.1" 200 3782 "-" "Mozilla/5.0 (compatible; Googlebot/2.1; +http://www.google.com/bot.html)"
66.249.72.79 - - [09/Jul/2007:08:28:19 +0000] "GET /resource.php?res_id=141 HTTP/1.1" 200 3583 "-" "Mozilla/5.0 (compatible; Googlebot/2.1; +http://www.google.com/bot.html)"
74.6.21.155 - - [09/Jul/2007:08:28:19 +0000] "GET /loc.php?l_id=271 HTTP/1.0" 200 3807 "-" "Mozilla/5.0 (compatible; Yahoo! Slurp; http://help.yahoo.com/help/us/ysearch/slurp)"
66.249.72.79 - - [09/Jul/2007:08:28:21 +0000] "GET /loc.php?l_id=498 HTTP/1.1" 200 3746 "-" "Mozilla/5.0 (compatible; Googlebot/2.1; +http://www.google.com/bot.html)"
193.82.84.58 - - [09/Jul/2007:08:28:32 +0000] "GET /loc.php?l_id=304 HTTP/1.0" 200 3867 "http://www.dummydomain.co.uk/resource.php?res_id=109" "Mozilla/4.0 (compatible; MSIE 7.0; Windows NT 5.1; .NET CLR 1.1.4322; .NET CLR 2.0.50727)"
66.249.72.79 - - [09/Jul/2007:08:28:32 +0000] "GET /loc.php?l_id=413 HTTP/1.1" 200 3743 "-" "Mozilla/5.0 (compatible; Googlebot/2.1; +http://www.google.com/bot.html)"
66.249.72.79 - - [09/Jul/2007:08:28:38 +0000] "GET /loc.php?l_id=363 HTTP/1.1" 200 3851 "-" "Mozilla/5.0 (compatible; Googlebot/2.1; +http://www.google.com/bot.html)"
66.249.72.79 - - [09/Jul/2007:08:28:46 +0000] "GET /loc.php?l_id=83 HTTP/1.1" 200 3711 "-" "Mozilla/5.0 (compatible; Googlebot/2.1; +http://www.google.com/bot.html)"
66.249.72.79 - - [09/Jul/2007:08:28:59 +0000] "GET /loc.php?l_id=224 HTTP/1.1" 200 3835 "-" "Mozilla/5.0 (compatible; Googlebot/2.1; +http://www.google.com/bot.html)"
66.249.72.79 - - [09/Jul/2007:08:29:08 +0000] "GET /loc.php?l_id=396 HTTP/1.1" 200 3722 "-" "Mozilla/5.0 (compatible; Googlebot/2.1; +http://www.google.com/bot.html)"
66.249.72.79 - - [09/Jul/2007:08:29:10 +0000] "GET /loc.php?l_id=451 HTTP/1.1" 200 3911 "-" "Mozilla/5.0 (compatible; Googlebot/2.1; +http://www.google.com/bot.html)"
66.249.72.79 - - [09/Jul/2007:08:29:16 +0000] "GET /loc.php?l_id=448 HTTP/1.1" 200 3816 "-" "Mozilla/5.0 (compatible; Googlebot/2.1; +http://www.google.com/bot.html)"
66.249.72.79 - - [09/Jul/2007:08:29:24 +0000] "GET /loc.php?l_id=157 HTTP/1.1" 200 3714 "-" "Mozilla/5.0 (compatible; Googlebot/2.1; +http://www.google.com/bot.html)"
66.249.72.79 - - [09/Jul/2007:08:29:25 +0000] "GET /lsearch.php?county_id=110 HTTP/1.1" 200 4109 "-" "Mozilla/5.0 (compatible; Googlebot/2.1; +http://www.google.com/bot.html)"
66.249.72.79 - - [09/Jul/2007:08:29:28 +0000] "GET /loc.php?l_id=161 HTTP/1.1" 200 3721 "-" "Mozilla/5.0 (compatible; Googlebot/2.1; +http://www.google.com/bot.html)"
66.249.72.79 - - [09/Jul/2007:08:29:30 +0000] "GET /loc.php?l_id=190 HTTP/1.1" 200 4139 "-" "Mozilla/5.0 (compatible; Googlebot/2.1; +http://www.google.com/bot.html)"
66.249.72.79 - - [09/Jul/2007:08:29:36 +0000] "GET /loc.php?l_id=377 HTTP/1.1" 200 3727 "-" "Mozilla/5.0 (compatible; Googlebot/2.1; +http://www.google.com/bot.html)"
193.82.84.58 - - [09/Jul/2007:08:30:13 +0000] "GET /loc.php?l_id=304 HTTP/1.0" 200 3864 "http://www.google.co.uk/search?q=hall+barn+beaconsfield&revid=1311391298&sa=X&oi=revisions_inline&resnum=0&ct=revision&cd=1" "Mozilla/4.0 (compatible; MSIE 7.0; Windows NT 5.1; .NET CLR 1.1.4322; .NET CLR 2.0.50727)"
66.249.72.79 - - [09/Jul/2007:08:30:25 +0000] "GET /loc.php?l_id=535 HTTP/1.1" 200 3811 "-" "Mozilla/5.0 (compatible; Googlebot/2.1; +http://www.google.com/bot.html)"
66.249.72.79 - - [09/Jul/2007:08:30:31 +0000] "GET /resource.php?res_id=99 HTTP/1.1" 200 4265 "-" "Mozilla/5.0 (compatible; Googlebot/2.1; +http://www.google.com/bot.html)"
66.249.72.79 - - [09/Jul/2007:08:31:12 +0000] "GET /loc.php?l_id=455 HTTP/1.1" 200 3750 "-" "Mozilla/5.0 (compatible; Googlebot/2.1; +http://www.google.com/bot.html)"
62.60.98.133 - - [09/Jul/2007:08:31:22 +0000] "GET /resource.php?res_id=369 HTTP/1.1" 200 4003 "http://en.wikipedia.org/wiki/Blowup" "Mozilla/4.0 (compatible; MSIE 6.0; Windows NT 5.1; .NET CLR 1.1.4322)"
198.180.241.2 - - [09/Jul/2007:08:31:28 +0000] "GET /resource.php?res_id=276 HTTP/1.1" 200 5361 "http://search.live.com/results.aspx?srch=105&q=hill+climbing+trucks&first=21&FORM=PERE2" "Mozilla/4.0 (compatible; MSIE 6.0; Windows NT 5.0)"
198.180.241.2 - - [09/Jul/2007:08:31:28 +0000] "GET /include/standard.css HTTP/1.1" 200 557 "http://www.dummydomain.co.uk/resource.php?res_id=276" "Mozilla/4.0 (compatible; MSIE 6.0; Windows NT 5.0)"
198.180.241.2 - - [09/Jul/2007:08:31:29 +0000] "GET /images/resourcecell.gif HTTP/1.1" 200 335 "http://www.dummydomain.co.uk/resource.php?res_id=276" "Mozilla/4.0 (compatible; MSIE 6.0; Windows NT 5.0)"
198.180.241.2 - - [09/Jul/2007:08:31:29 +0000] "GET /images/banner.gif HTTP/1.1" 200 10302 "http://www.dummydomain.co.uk/resource.php?res_id=276" "Mozilla/4.0 (compatible; MSIE 6.0; Windows NT 5.0)"
198.180.241.2 - - [09/Jul/2007:08:31:29 +0000] "GET /images/homeimg.gif HTTP/1.1" 200 625 "http://www.dummydomain.co.uk/resource.php?res_id=276" "Mozilla/4.0 (compatible; MSIE 6.0; Windows NT 5.0)"
198.180.241.2 - - [09/Jul/2007:08:31:29 +0000] "GET /images/resourcesimg.gif HTTP/1.1" 200 589 "http://www.dummydomain.co.uk/resource.php?res_id=276" "Mozilla/4.0 (compatible; MSIE 6.0; Windows NT 5.0)"
198.180.241.2 - - [09/Jul/2007:08:31:29 +0000] "GET /images/locationsimg.gif HTTP/1.1" 200 761 "http://www.dummydomain.co.uk/resource.php?res_id=276" "Mozilla/4.0 (compatible; MSIE 6.0; Windows NT 5.0)"
198.180.241.2 - - [09/Jul/2007:08:31:29 +0000] "GET /images/contactusimg.gif HTTP/1.1" 200 790 "http://www.dummydomain.co.uk/resource.php?res_id=276" "Mozilla/4.0 (compatible; MSIE 6.0; Windows NT 5.0)"
198.180.241.2 - - [09/Jul/2007:08:31:29 +0000] "GET /images/linksimg.gif HTTP/1.1" 200 603 "http://www.dummydomain.co.uk/resource.php?res_id=276" "Mozilla/4.0 (compatible; MSIE 6.0; Windows NT 5.0)"
198.180.241.2 - - [09/Jul/2007:08:31:29 +0000] "GET /images/legalimg.gif HTTP/1.1" 200 617 "http://www.dummydomain.co.uk/resource.php?res_id=276" "Mozilla/4.0 (compatible; MSIE 6.0; Windows NT 5.0)"
198.180.241.2 - - [09/Jul/2007:08:31:36 +0000] "GET /loc.php?l_id=508 HTTP/1.1" 200 3724 "http://www.dummydomain.co.uk/resource.php?res_id=276" "Mozilla/4.0 (compatible; MSIE 6.0; Windows NT 5.0)"
66.249.72.79 - - [09/Jul/2007:08:31:39 +0000] "GET /loc.php?l_id=114 HTTP/1.1" 200 3811 "-" "Mozilla/5.0 (compatible; Googlebot/2.1; +http://www.google.com/bot.html)"
198.180.241.2 - - [09/Jul/2007:08:31:40 +0000] "GET /resource.php?res_id=276 HTTP/1.1" 200 5356 "http://www.dummydomain.co.uk/loc.php?l_id=508" "Mozilla/4.0 (compatible; MSIE 6.0; Windows NT 5.0)"
66.249.72.79 - - [09/Jul/2007:08:31:50 +0000] "GET /loc.php?l_id=293 HTTP/1.1" 200 4105 "-" "Mozilla/5.0 (compatible; Googlebot/2.1; +http://www.google.com/bot.html)"
66.249.72.79 - - [09/Jul/2007:08:32:22 +0000] "GET /loc.php?l_id=122 HTTP/1.1" 200 3736 "-" "Mozilla/5.0 (compatible; Googlebot/2.1; +http://www.google.com/bot.html)"
66.249.72.79 - - [09/Jul/2007:08:32:29 +0000] "GET /lsearch.php?county_id=67 HTTP/1.1" 200 4270 "-" "Mozilla/5.0 (compatible; Googlebot/2.1; +http://www.google.com/bot.html)"
86.128.253.119 - - [09/Jul/2007:08:32:40 +0000] "GET /resource.php?res_id=102 HTTP/1.1" 200 4243 "http://www.google.com/search?hl=en&rls=com.microsoft%3Aen-gb%3AIE-SearchBox&q=full+monty+shirebrook" "Mozilla/4.0 (compatible; MSIE 7.0; Windows NT 5.1; .NET CLR 1.1.4322; .NET CLR 2.0.50727)"
86.128.253.119 - - [09/Jul/2007:08:32:40 +0000] "GET /include/standard.css HTTP/1.1" 200 557 "http://www.dummydomain.co.uk/resource.php?res_id=102" "Mozilla/4.0 (compatible; MSIE 7.0; Windows NT 5.1; .NET CLR 1.1.4322; .NET CLR 2.0.50727)"
86.128.253.119 - - [09/Jul/2007:08:32:40 +0000] "GET /images/resourcecell.gif HTTP/1.1" 200 335 "http://www.dummydomain.co.uk/resource.php?res_id=102" "Mozilla/4.0 (compatible; MSIE 7.0; Windows NT 5.1; .NET CLR 1.1.4322; .NET CLR 2.0.50727)"
86.128.253.119 - - [09/Jul/2007:08:32:40 +0000] "GET /images/homeimg.gif HTTP/1.1" 200 625 "http://www.dummydomain.co.uk/resource.php?res_id=102" "Mozilla/4.0 (compatible; MSIE 7.0; Windows NT 5.1; .NET CLR 1.1.4322; .NET CLR 2.0.50727)"
86.128.253.119 - - [09/Jul/2007:08:32:40 +0000] "GET /images/banner.gif HTTP/1.1" 200 10302 "http://www.dummydomain.co.uk/resource.php?res_id=102" "Mozilla/4.0 (compatible; MSIE 7.0; Windows NT 5.1; .NET CLR 1.1.4322; .NET CLR 2.0.50727)"
86.128.253.119 - - [09/Jul/2007:08:32:40 +0000] "GET /images/resourcesimg.gif HTTP/1.1" 200 589 "http://www.dummydomain.co.uk/resource.php?res_id=102" "Mozilla/4.0 (compatible; MSIE 7.0; Windows NT 5.1; .NET CLR 1.1.4322; .NET CLR 2.0.50727)"
86.128.253.119 - - [09/Jul/2007:08:32:40 +0000] "GET /images/locationsimg.gif HTTP/1.1" 200 761 "http://www.dummydomain.co.uk/resource.php?res_id=102" "Mozilla/4.0 (compatible; MSIE 7.0; Windows NT 5.1; .NET CLR 1.1.4322; .NET CLR 2.0.50727)"
86.128.253.119 - - [09/Jul/2007:08:32:40 +0000] "GET /images/contactusimg.gif HTTP/1.1" 200 790 "http://www.dummydomain.co.uk/resource.php?res_id=102" "Mozilla/4.0 (compatible; MSIE 7.0; Windows NT 5.1; .NET CLR 1.1.4322; .NET CLR 2.0.50727)"
86.128.253.119 - - [09/Jul/2007:08:32:40 +0000] "GET /images/legalimg.gif HTTP/1.1" 200 617 "http://www.dummydomain.co.uk/resource.php?res_id=102" "Mozilla/4.0 (compatible; MSIE 7.0; Windows NT 5.1; .NET CLR 1.1.4322; .NET CLR 2.0.50727)"
86.128.253.119 - - [09/Jul/2007:08:32:40 +0000] "GET /images/linksimg.gif HTTP/1.1" 200 603 "http://www.dummydomain.co.uk/resource.php?res_id=102" "Mozilla/4.0 (compatible; MSIE 7.0; Windows NT 5.1; .NET CLR 1.1.4322; .NET CLR 2.0.50727)"
86.128.253.119 - - [09/Jul/2007:08:32:40 +0000] "GET /images/buy_at_amazon.gif HTTP/1.1" 200 2240 "http://www.dummydomain.co.uk/resource.php?res_id=102" "Mozilla/4.0 (compatible; MSIE 7.0; Windows NT 5.1; .NET CLR 1.1.4322; .NET CLR 2.0.50727)"
86.128.253.119 - - [09/Jul/2007:08:32:41 +0000] "GET /favicon.ico HTTP/1.1" 404 - "-" "Mozilla/4.0 (compatible; MSIE 7.0; Windows NT 5.1; .NET CLR 1.1.4322; .NET CLR 2.0.50727)"
86.128.253.119 - - [09/Jul/2007:08:32:45 +0000] "GET /loc.php?l_id=599 HTTP/1.1" 200 3724 "http://www.dummydomain.co.uk/resource.php?res_id=102" "Mozilla/4.0 (compatible; MSIE 7.0; Windows NT 5.1; .NET CLR 1.1.4322; .NET CLR 2.0.50727)"
66.249.72.79 - - [09/Jul/2007:08:32:48 +0000] "GET /loc.php?l_id=584 HTTP/1.1" 200 3748 "-" "Mozilla/5.0 (compatible; Googlebot/2.1; +http://www.google.com/bot.html)"
66.249.72.79 - - [09/Jul/2007:08:32:50 +0000] "GET /loc.php?l_id=232 HTTP/1.1" 200 3812 "-" "Mozilla/5.0 (compatible; Googlebot/2.1; +http://www.google.com/bot.html)"
62.60.98.133 - - [09/Jul/2007:08:32:54 +0000] "GET / HTTP/1.1" 200 20819 "http://www.google.co.uk/search?q=blow+up+resource+locations&hl=en&start=10&sa=N" "Mozilla/4.0 (compatible; MSIE 6.0; Windows NT 5.1; .NET CLR 1.1.4322)"
62.60.98.133 - - [09/Jul/2007:08:32:58 +0000] "GET /resource.php?res_id=395 HTTP/1.1" 200 3905 "http://www.google.co.uk/search?q=blow+up+resource+locations&hl=en&start=10&sa=N" "Mozilla/4.0 (compatible; MSIE 6.0; Windows NT 5.1; .NET CLR 1.1.4322)"
74.6.25.135 - - [09/Jul/2007:08:33:01 +0000] "GET /resource.php?res_id=312 HTTP/1.0" 200 5585 "-" "Mozilla/5.0 (compatible; Yahoo! Slurp; http://help.yahoo.com/help/us/ysearch/slurp)"
74.6.67.227 - - [09/Jul/2007:08:33:26 +0000] "GET /loc.php?l_id=340 HTTP/1.0" 200 3735 "-" "Mozilla/5.0 (compatible; Yahoo! Slurp; http://help.yahoo.com/help/us/ysearch/slurp)"
66.249.72.79 - - [09/Jul/2007:08:33:53 +0000] "GET /loc.php?l_id=22 HTTP/1.1" 200 3708 "-" "Mozilla/5.0 (compatible; Googlebot/2.1; +http://www.google.com/bot.html)"
66.249.72.79 - - [09/Jul/2007:08:34:05 +0000] "GET /loc.php?l_id=219 HTTP/1.1" 200 3743 "-" "Mozilla/5.0 (compatible; Googlebot/2.1; +http://www.google.com/bot.html)"
66.249.72.79 - - [09/Jul/2007:08:34:10 +0000] "GET /loc.php?l_id=259 HTTP/1.1" 200 3736 "-" "Mozilla/5.0 (compatible; Googlebot/2.1; +http://www.google.com/bot.html)"
66.249.72.79 - - [09/Jul/2007:08:34:27 +0000] "GET /lsearch.php?county_id=59 HTTP/1.1" 200 4611 "-" "Mozilla/5.0 (compatible; Googlebot/2.1; +http://www.google.com/bot.html)"
66.249.72.79 - - [09/Jul/2007:08:34:32 +0000] "GET /lsearch.php?county_id=89 HTTP/1.1" 200 3770 "-" "Mozilla/5.0 (compatible; Googlebot/2.1; +http://www.google.com/bot.html)"
66.249.72.79 - - [09/Jul/2007:08:34:34 +0000] "GET /loc.php?l_id=273 HTTP/1.1" 200 3847 "-" "Mozilla/5.0 (compatible; Googlebot/2.1; +http://www.google.com/bot.html)"
66.249.72.79 - - [09/Jul/2007:08:34:37 +0000] "GET /loc.php?l_id=382 HTTP/1.1" 200 3978 "-" "Mozilla/5.0 (compatible; Googlebot/2.1; +http://www.google.com/bot.html)"
66.249.72.79 - - [09/Jul/2007:08:35:13 +0000] "GET /loc.php?l_id=103 HTTP/1.1" 200 3722 "-" "Mozilla/5.0 (compatible; Googlebot/2.1; +http://www.google.com/bot.html)"
66.249.72.79 - - [09/Jul/2007:08:35:18 +0000] "GET /loc.php?l_id=609 HTTP/1.1" 200 3726 "-" "Mozilla/5.0 (compatible; Googlebot/2.1; +http://www.google.com/bot.html)"
66.249.72.79 - - [09/Jul/2007:08:35:28 +0000] "GET /resource.php?res_id=126 HTTP/1.1" 200 4577 "-" "Mozilla/5.0 (compatible; Googlebot/2.1; +http://www.google.com/bot.html)"
66.249.72.79 - - [09/Jul/2007:08:35:33 +0000] "GET /loc.php?l_id=242 HTTP/1.1" 200 3819 "-" "Mozilla/5.0 (compatible; Googlebot/2.1; +http://www.google.com/bot.html)"
66.249.72.79 - - [09/Jul/2007:08:35:59 +0000] "GET /loc.php?l_id=429 HTTP/1.1" 200 3737 "-" "Mozilla/5.0 (compatible; Googlebot/2.1; +http://www.google.com/bot.html)"
66.249.72.79 - - [09/Jul/2007:08:36:04 +0000] "GET /loc.php?l_id=177 HTTP/1.1" 200 3719 "-" "Mozilla/5.0 (compatible; Googlebot/2.1; +http://www.google.com/bot.html)"
66.249.72.79 - - [09/Jul/2007:08:36:14 +0000] "GET /loc.php?l_id=267 HTTP/1.1" 200 3911 "-" "Mozilla/5.0 (compatible; Googlebot/2.1; +http://www.google.com/bot.html)"
66.249.72.79 - - [09/Jul/2007:08:36:19 +0000] "GET /loc.php?l_id=350 HTTP/1.1" 200 3732 "-" "Mozilla/5.0 (compatible; Googlebot/2.1; +http://www.google.com/bot.html)"
66.249.72.79 - - [09/Jul/2007:08:36:24 +0000] "GET /loc.php?l_id=402 HTTP/1.1" 200 3764 "-" "Mozilla/5.0 (compatible; Googlebot/2.1; +http://www.google.com/bot.html)"
66.249.72.79 - - [09/Jul/2007:08:36:29 +0000] "GET /loc.php?l_id=328 HTTP/1.1" 200 3743 "-" "Mozilla/5.0 (compatible; Googlebot/2.1; +http://www.google.com/bot.html)"
66.249.72.79 - - [09/Jul/2007:08:36:34 +0000] "GET /loc.php?l_id=211 HTTP/1.1" 200 3745 "-" "Mozilla/5.0 (compatible; Googlebot/2.1; +http://www.google.com/bot.html)"
74.6.18.217 - - [09/Jul/2007:08:36:51 +0000] "GET /resource.php?res_id=224 HTTP/1.0" 200 4303 "-" "Mozilla/5.0 (compatible; Yahoo! Slurp; http://help.yahoo.com/help/us/ysearch/slurp)"
66.249.72.79 - - [09/Jul/2007:08:37:00 +0000] "GET /loc.php?l_id=437 HTTP/1.1" 200 3761 "-" "Mozilla/5.0 (compatible; Googlebot/2.1; +http://www.google.com/bot.html)"
66.249.72.79 - - [09/Jul/2007:08:37:20 +0000] "GET /loc.php?l_id=270 HTTP/1.1" 200 3750 "-" "Mozilla/5.0 (compatible; Googlebot/2.1; +http://www.google.com/bot.html)"
74.6.18.136 - - [09/Jul/2007:08:37:21 +0000] "GET /resource.php?res_id=406 HTTP/1.0" 200 4277 "-" "Mozilla/5.0 (compatible; Yahoo! Slurp; http://help.yahoo.com/help/us/ysearch/slurp)"
66.249.72.79 - - [09/Jul/2007:08:37:26 +0000] "GET /loc.php?l_id=205 HTTP/1.1" 200 3753 "-" "Mozilla/5.0 (compatible; Googlebot/2.1; +http://www.google.com/bot.html)"
66.249.72.79 - - [09/Jul/2007:08:37:36 +0000] "GET /loc.php?l_id=408 HTTP/1.1" 200 3742 "-" "Mozilla/5.0 (compatible; Googlebot/2.1; +http://www.google.com/bot.html)"
66.249.72.79 - - [09/Jul/2007:08:37:56 +0000] "GET /loc.php?l_id=145 HTTP/1.1" 200 3713 "-" "Mozilla/5.0 (compatible; Googlebot/2.1; +http://www.google.com/bot.html)"
66.249.72.79 - - [09/Jul/2007:08:38:06 +0000] "GET /loc.php?l_id=213 HTTP/1.1" 200 3753 "-" "Mozilla/5.0 (compatible; Googlebot/2.1; +http://www.google.com/bot.html)"
66.249.72.79 - - [09/Jul/2007:08:38:27 +0000] "GET /loc.php?l_id=390 HTTP/1.1" 200 3747 "-" "Mozilla/5.0 (compatible; Googlebot/2.1; +http://www.google.com/bot.html)"
74.6.19.33 - - [09/Jul/2007:08:38:31 +0000] "GET /resource.php?res_id=88 HTTP/1.0" 200 4125 "-" "Mozilla/5.0 (compatible; Yahoo! Slurp; http://help.yahoo.com/help/us/ysearch/slurp)"
66.249.72.79 - - [09/Jul/2007:08:38:38 +0000] "GET /loc.php?l_id=580 HTTP/1.1" 200 3729 "-" "Mozilla/5.0 (compatible; Googlebot/2.1; +http://www.google.com/bot.html)"
74.6.21.123 - - [09/Jul/2007:08:41:27 +0000] "GET /loc.php?l_id=714 HTTP/1.0" 200 3745 "-" "Mozilla/5.0 (compatible; Yahoo! Slurp; http://help.yahoo.com/help/us/ysearch/slurp)"
74.6.18.205 - - [09/Jul/2007:08:41:58 +0000] "GET /loc.php?l_id=519 HTTP/1.0" 200 3700 "-" "Mozilla/5.0 (compatible; Yahoo! Slurp; http://help.yahoo.com/help/us/ysearch/slurp)"
74.6.70.45 - - [09/Jul/2007:08:43:44 +0000] "GET /loc.php?l_id=344 HTTP/1.0" 200 3809 "-" "Mozilla/5.0 (compatible; Yahoo! Slurp; http://help.yahoo.com/help/us/ysearch/slurp)"
66.249.72.79 - - [09/Jul/2007:08:43:50 +0000] "GET /loc.php?l_id=223 HTTP/1.1" 200 3734 "-" "Mozilla/5.0 (compatible; Googlebot/2.1; +http://www.google.com/bot.html)"
66.249.72.79 - - [09/Jul/2007:08:45:48 +0000] "GET /loc.php?l_id=643 HTTP/1.1" 200 3751 "-" "Mozilla/5.0 (compatible; Googlebot/2.1; +http://www.google.com/bot.html)"
74.6.73.52 - - [09/Jul/2007:08:46:03 +0000] "GET /loc.php?l_id=351 HTTP/1.0" 200 3882 "-" "Mozilla/5.0 (compatible; Yahoo! Slurp; http://help.yahoo.com/help/us/ysearch/slurp)"
66.249.72.79 - - [09/Jul/2007:08:46:43 +0000] "GET /loc.php?l_id=353 HTTP/1.1" 200 3726 "-" "Mozilla/5.0 (compatible; Googlebot/2.1; +http://www.google.com/bot.html)"
74.6.19.48 - - [09/Jul/2007:08:47:21 +0000] "GET /resource.php?res_id=48 HTTP/1.0" 200 4145 "-" "Mozilla/5.0 (compatible; Yahoo! Slurp; http://help.yahoo.com/help/us/ysearch/slurp)"
74.6.21.108 - - [09/Jul/2007:08:47:48 +0000] "GET /resource.php?res_id=382 HTTP/1.0" 200 4077 "-" "Mozilla/5.0 (compatible; Yahoo! Slurp; http://help.yahoo.com/help/us/ysearch/slurp)"
74.6.21.108 - - [09/Jul/2007:08:47:58 +0000] "GET /resource.php?res_id=118 HTTP/1.0" 200 3782 "-" "Mozilla/5.0 (compatible; Yahoo! Slurp; http://help.yahoo.com/help/us/ysearch/slurp)"
74.6.71.34 - - [09/Jul/2007:08:48:16 +0000] "GET /loc.php?l_id=605 HTTP/1.0" 200 3729 "-" "Mozilla/5.0 (compatible; Yahoo! Slurp; http://help.yahoo.com/help/us/ysearch/slurp)"
74.6.74.86 - - [09/Jul/2007:08:51:59 +0000] "GET /loc.php?l_id=710 HTTP/1.0" 200 3802 "-" "Mozilla/5.0 (compatible; Yahoo! Slurp; http://help.yahoo.com/help/us/ysearch/slurp)"
74.6.19.20 - - [09/Jul/2007:08:52:28 +0000] "GET /loc.php?l_id=625 HTTP/1.0" 200 3706 "-" "Mozilla/5.0 (compatible; Yahoo! Slurp; http://help.yahoo.com/help/us/ysearch/slurp)"
72.30.216.91 - - [09/Jul/2007:08:52:49 +0000] "GET /index.php HTTP/1.0" 200 20738 "-" "Mozilla/5.0 (compatible; Yahoo! Slurp; http://help.yahoo.com/help/us/ysearch/slurp)"
74.6.70.184 - - [09/Jul/2007:08:52:53 +0000] "GET /loc.php?l_id=267 HTTP/1.0" 200 3892 "-" "Mozilla/5.0 (compatible; Yahoo! Slurp; http://help.yahoo.com/help/us/ysearch/slurp)"
74.6.18.212 - - [09/Jul/2007:08:55:48 +0000] "GET /resource.php?res_id=417 HTTP/1.0" 200 4657 "-" "Mozilla/5.0 (compatible; Yahoo! Slurp; http://help.yahoo.com/help/us/ysearch/slurp)"
66.249.72.79 - - [09/Jul/2007:08:56:07 +0000] "GET /loc.php?l_id=133 HTTP/1.1" 200 3731 "-" "Mozilla/5.0 (compatible; Googlebot/2.1; +http://www.google.com/bot.html)"
74.6.21.106 - - [09/Jul/2007:08:56:08 +0000] "GET /loc.php?l_id=696 HTTP/1.0" 200 3717 "-" "Mozilla/5.0 (compatible; Yahoo! Slurp; http://help.yahoo.com/help/us/ysearch/slurp)"
74.6.21.79 - - [09/Jul/2007:08:58:08 +0000] "GET /resource.php?res_id=409 HTTP/1.0" 200 3928 "-" "Mozilla/5.0 (compatible; Yahoo! Slurp; http://help.yahoo.com/help/us/ysearch/slurp)"
66.249.72.79 - - [09/Jul/2007:08:58:18 +0000] "GET /lsearch.php?county_id=98 HTTP/1.1" 200 3791 "-" "Mozilla/5.0 (compatible; Googlebot/2.1; +http://www.google.com/bot.html)"
74.6.21.16 - - [09/Jul/2007:08:59:18 +0000] "GET /resource.php?res_id=140 HTTP/1.0" 200 3893 "-" "Mozilla/5.0 (compatible; Yahoo! Slurp; http://help.yahoo.com/help/us/ysearch/slurp)"
212.18.236.146 - - [09/Jul/2007:09:01:50 +0000] "GET /loc.php?l_id=391 HTTP/1.1" 200 3743 "http://www.google.com/search?client=safari&rls=en&q=pepys+ESTATE&ie=UTF-8&oe=UTF-8" "Mozilla/5.0 (Macintosh; U; PPC Mac OS X; en) AppleWebKit/419 (KHTML, like Gecko) Safari/419.3"
212.18.236.146 - - [09/Jul/2007:09:01:52 +0000] "GET /include/standard.css HTTP/1.1" 200 557 "http://www.dummydomain.co.uk/loc.php?l_id=391" "Mozilla/5.0 (Macintosh; U; PPC Mac OS X; en) AppleWebKit/419 (KHTML, like Gecko) Safari/419.3"
212.18.236.146 - - [09/Jul/2007:09:01:52 +0000] "GET /favicon.ico HTTP/1.1" 404 - "-" "Mozilla/5.0 (Macintosh; U; PPC Mac OS X; en) AppleWebKit/419 (KHTML, like Gecko) Safari/419.3"
212.18.236.146 - - [09/Jul/2007:09:01:54 +0000] "GET /images/resourcecell.gif HTTP/1.1" 200 335 "http://www.dummydomain.co.uk/loc.php?l_id=391" "Mozilla/5.0 (Macintosh; U; PPC Mac OS X; en) AppleWebKit/419 (KHTML, like Gecko) Safari/419.3"
212.18.236.146 - - [09/Jul/2007:09:01:54 +0000] "GET /images/banner.gif HTTP/1.1" 200 10302 "http://www.dummydomain.co.uk/loc.php?l_id=391" "Mozilla/5.0 (Macintosh; U; PPC Mac OS X; en) AppleWebKit/419 (KHTML, like Gecko) Safari/419.3"
212.18.236.146 - - [09/Jul/2007:09:01:55 +0000] "GET /images/locationsimg.gif HTTP/1.1" 200 761 "http://www.dummydomain.co.uk/loc.php?l_id=391" "Mozilla/5.0 (Macintosh; U; PPC Mac OS X; en) AppleWebKit/419 (KHTML, like Gecko) Safari/419.3"
212.18.236.146 - - [09/Jul/2007:09:01:56 +0000] "GET /images/homeimg.gif HTTP/1.1" 200 625 "http://www.dummydomain.co.uk/loc.php?l_id=391" "Mozilla/5.0 (Macintosh; U; PPC Mac OS X; en) AppleWebKit/419 (KHTML, like Gecko) Safari/419.3"
212.18.236.146 - - [09/Jul/2007:09:01:57 +0000] "GET /images/legalimg.gif HTTP/1.1" 200 617 "http://www.dummydomain.co.uk/loc.php?l_id=391" "Mozilla/5.0 (Macintosh; U; PPC Mac OS X; en) AppleWebKit/419 (KHTML, like Gecko) Safari/419.3"
212.18.236.146 - - [09/Jul/2007:09:01:58 +0000] "GET /images/contactusimg.gif HTTP/1.1" 200 790 "http://www.dummydomain.co.uk/loc.php?l_id=391" "Mozilla/5.0 (Macintosh; U; PPC Mac OS X; en) AppleWebKit/419 (KHTML, like Gecko) Safari/419.3"
212.18.236.146 - - [09/Jul/2007:09:01:58 +0000] "GET /images/resourcesimg.gif HTTP/1.1" 200 589 "http://www.dummydomain.co.uk/loc.php?l_id=391" "Mozilla/5.0 (Macintosh; U; PPC Mac OS X; en) AppleWebKit/419 (KHTML, like Gecko) Safari/419.3"
212.18.236.146 - - [09/Jul/2007:09:01:59 +0000] "GET /images/linksimg.gif HTTP/1.1" 200 603 "http://www.dummydomain.co.uk/loc.php?l_id=391" "Mozilla/5.0 (Macintosh; U; PPC Mac OS X; en) AppleWebKit/419 (KHTML, like Gecko) Safari/419.3"
212.18.236.146 - - [09/Jul/2007:09:02:10 +0000] "GET /locs.php HTTP/1.1" 200 8122 "http://www.dummydomain.co.uk/loc.php?l_id=391" "Mozilla/5.0 (Macintosh; U; PPC Mac OS X; en) AppleWebKit/419 (KHTML, like Gecko) Safari/419.3"
212.18.236.146 - - [09/Jul/2007:09:02:13 +0000] "GET /favicon.ico HTTP/1.1" 404 - "-" "Mozilla/5.0 (Macintosh; U; PPC Mac OS X; en) AppleWebKit/419 (KHTML, like Gecko) Safari/419.3"
74.6.73.229 - - [09/Jul/2007:09:02:14 +0000] "GET /loc.php?l_id=633 HTTP/1.0" 200 3906 "-" "Mozilla/5.0 (compatible; Yahoo! Slurp; http://help.yahoo.com/help/us/ysearch/slurp)"
212.18.236.146 - - [09/Jul/2007:09:02:21 +0000] "GET /lsearch.php?placename=PEPYS+ESTATE HTTP/1.1" 200 3822 "http://www.dummydomain.co.uk/locs.php" "Mozilla/5.0 (Macintosh; U; PPC Mac OS X; en) AppleWebKit/419 (KHTML, like Gecko) Safari/419.3"
212.18.236.146 - - [09/Jul/2007:09:02:23 +0000] "GET /favicon.ico HTTP/1.1" 404 - "-" "Mozilla/5.0 (Macintosh; U; PPC Mac OS X; en) AppleWebKit/419 (KHTML, like Gecko) Safari/419.3"
212.18.236.146 - - [09/Jul/2007:09:02:29 +0000] "GET /favicon.ico HTTP/1.1" 404 - "-" "Mozilla/5.0 (Macintosh; U; PPC Mac OS X; en) AppleWebKit/419 (KHTML, like Gecko) Safari/419.3"
212.18.236.146 - - [09/Jul/2007:09:02:39 +0000] "GET /lsearch.php?placename=LILFORD+ESTATE HTTP/1.1" 200 3674 "http://www.dummydomain.co.uk/locs.php" "Mozilla/5.0 (Macintosh; U; PPC Mac OS X; en) AppleWebKit/419 (KHTML, like Gecko) Safari/419.3"
212.18.236.146 - - [09/Jul/2007:09:02:41 +0000] "GET /favicon.ico HTTP/1.1" 404 - "-" "Mozilla/5.0 (Macintosh; U; PPC Mac OS X; en) AppleWebKit/419 (KHTML, like Gecko) Safari/419.3"
212.18.236.146 - - [09/Jul/2007:09:02:48 +0000] "GET /favicon.ico HTTP/1.1" 404 - "-" "Mozilla/5.0 (Macintosh; U; PPC Mac OS X; en) AppleWebKit/419 (KHTML, like Gecko) Safari/419.3"
212.18.236.146 - - [09/Jul/2007:09:02:50 +0000] "GET /lsearch.php?placename=LILFORD+ROAD HTTP/1.1" 200 3676 "http://www.dummydomain.co.uk/locs.php" "Mozilla/5.0 (Macintosh; U; PPC Mac OS X; en) AppleWebKit/419 (KHTML, like Gecko) Safari/419.3"
212.18.236.146 - - [09/Jul/2007:09:02:52 +0000] "GET /favicon.ico HTTP/1.1" 404 - "-" "Mozilla/5.0 (Macintosh; U; PPC Mac OS X; en) AppleWebKit/419 (KHTML, like Gecko) Safari/419.3"
212.18.236.146 - - [09/Jul/2007:09:02:54 +0000] "GET /favicon.ico HTTP/1.1" 404 - "-" "Mozilla/5.0 (Macintosh; U; PPC Mac OS X; en) AppleWebKit/419 (KHTML, like Gecko) Safari/419.3"
212.18.236.146 - - [09/Jul/2007:09:02:58 +0000] "GET /lsearch.php?placename=PECKHAM HTTP/1.1" 200 3815 "http://www.dummydomain.co.uk/locs.php" "Mozilla/5.0 (Macintosh; U; PPC Mac OS X; en) AppleWebKit/419 (KHTML, like Gecko) Safari/419.3"
212.18.236.146 - - [09/Jul/2007:09:03:00 +0000] "GET /favicon.ico HTTP/1.1" 404 - "-" "Mozilla/5.0 (Macintosh; U; PPC Mac OS X; en) AppleWebKit/419 (KHTML, like Gecko) Safari/419.3"
212.18.236.146 - - [09/Jul/2007:09:03:11 +0000] "GET /favicon.ico HTTP/1.1" 404 - "-" "Mozilla/5.0 (Macintosh; U; PPC Mac OS X; en) AppleWebKit/419 (KHTML, like Gecko) Safari/419.3"
212.18.236.146 - - [09/Jul/2007:09:03:20 +0000] "GET /lsearch.php?placename=ALYSBURY+ESTATE HTTP/1.1" 200 3675 "http://www.dummydomain.co.uk/locs.php" "Mozilla/5.0 (Macintosh; U; PPC Mac OS X; en) AppleWebKit/419 (KHTML, like Gecko) Safari/419.3"
212.18.236.146 - - [09/Jul/2007:09:03:22 +0000] "GET /favicon.ico HTTP/1.1" 404 - "-" "Mozilla/5.0 (Macintosh; U; PPC Mac OS X; en) AppleWebKit/419 (KHTML, like Gecko) Safari/419.3"
66.249.72.79 - - [09/Jul/2007:09:04:39 +0000] "GET /loc.php?l_id=90 HTTP/1.1" 200 4176 "-" "Mozilla/5.0 (compatible; Googlebot/2.1; +http://www.google.com/bot.html)"
74.6.18.231 - - [09/Jul/2007:09:05:19 +0000] "GET /loc.php?l_id=195 HTTP/1.0" 200 4049 "-" "Mozilla/5.0 (compatible; Yahoo! Slurp; http://help.yahoo.com/help/us/ysearch/slurp)"
66.249.72.79 - - [09/Jul/2007:09:08:50 +0000] "GET /loc.php?l_id=531 HTTP/1.1" 200 4584 "-" "Mozilla/5.0 (compatible; Googlebot/2.1; +http://www.google.com/bot.html)"
74.6.66.43 - - [09/Jul/2007:09:09:02 +0000] "GET /loc.php?l_id=522 HTTP/1.0" 200 3712 "-" "Mozilla/5.0 (compatible; Yahoo! Slurp; http://help.yahoo.com/help/us/ysearch/slurp)"
210.1.71.130 - - [09/Jul/2007:09:09:28 +0000] "GET / HTTP/1.0" 200 20731 "-" "Mozilla/4.0 (compatible; MSIE 5.5; Windows NT 5.0) Fetch API Request"
66.249.72.79 - - [09/Jul/2007:09:11:49 +0000] "GET /lsearch.php?county_id=70 HTTP/1.1" 200 3789 "-" "Mozilla/5.0 (compatible; Googlebot/2.1; +http://www.google.com/bot.html)"
74.6.72.220 - - [09/Jul/2007:09:12:59 +0000] "GET /resource.php?res_id=197 HTTP/1.0" 200 4374 "-" "Mozilla/5.0 (compatible; Yahoo! Slurp; http://help.yahoo.com/help/us/ysearch/slurp)"
66.249.72.79 - - [09/Jul/2007:09:13:53 +0000] "GET /lsearch.php?county_id=96 HTTP/1.1" 200 3654 "-" "Mozilla/5.0 (compatible; Googlebot/2.1; +http://www.google.com/bot.html)"
66.249.72.79 - - [09/Jul/2007:09:13:58 +0000] "GET /lsearch.php?county_id=78 HTTP/1.1" 200 3655 "-" "Mozilla/5.0 (compatible; Googlebot/2.1; +http://www.google.com/bot.html)"
66.249.72.79 - - [09/Jul/2007:09:14:08 +0000] "GET /lsearch.php?county_id=81 HTTP/1.1" 200 3654 "-" "Mozilla/5.0 (compatible; Googlebot/2.1; +http://www.google.com/bot.html)"
66.249.72.79 - - [09/Jul/2007:09:14:12 +0000] "GET /lsearch.php?county_id=92 HTTP/1.1" 200 3654 "-" "Mozilla/5.0 (compatible; Googlebot/2.1; +http://www.google.com/bot.html)"
66.249.72.79 - - [09/Jul/2007:09:14:17 +0000] "GET /lsearch.php?county_id=83 HTTP/1.1" 200 3648 "-" "Mozilla/5.0 (compatible; Googlebot/2.1; +http://www.google.com/bot.html)"
66.249.72.79 - - [09/Jul/2007:09:14:20 +0000] "GET /lsearch.php?county_id=80 HTTP/1.1" 200 3654 "-" "Mozilla/5.0 (compatible; Googlebot/2.1; +http://www.google.com/bot.html)"
74.6.71.167 - - [09/Jul/2007:09:14:23 +0000] "GET /loc.php?l_id=516 HTTP/1.0" 200 3734 "-" "Mozilla/5.0 (compatible; Yahoo! Slurp; http://help.yahoo.com/help/us/ysearch/slurp)"
74.6.71.49 - - [09/Jul/2007:09:14:37 +0000] "GET /loc.php?l_id=663 HTTP/1.0" 200 3735 "-" "Mozilla/5.0 (compatible; Yahoo! Slurp; http://help.yahoo.com/help/us/ysearch/slurp)"
74.6.66.30 - - [09/Jul/2007:09:16:26 +0000] "GET /loc.php?l_id=483 HTTP/1.0" 200 3864 "-" "Mozilla/5.0 (compatible; Yahoo! Slurp; http://help.yahoo.com/help/us/ysearch/slurp)"
74.6.66.27 - - [09/Jul/2007:09:19:06 +0000] "GET /loc.php?l_id=452 HTTP/1.0" 200 3839 "-" "Mozilla/5.0 (compatible; Yahoo! Slurp; http://help.yahoo.com/help/us/ysearch/slurp)"
74.6.21.77 - - [09/Jul/2007:09:19:45 +0000] "GET /loc.php?l_id=6 HTTP/1.0" 200 3693 "-" "Mozilla/5.0 (compatible; Yahoo! Slurp; http://help.yahoo.com/help/us/ysearch/slurp)"
212.18.236.146 - - [09/Jul/2007:09:21:23 +0000] "GET /favicon.ico HTTP/1.1" 404 - "-" "Mozilla/5.0 (Macintosh; U; PPC Mac OS X; en) AppleWebKit/419 (KHTML, like Gecko) Safari/419.3"
212.18.236.146 - - [09/Jul/2007:09:21:25 +0000] "GET /resources.php HTTP/1.1" 200 4758 "http://www.dummydomain.co.uk/lsearch.php?placename=ALYSBURY+ESTATE" "Mozilla/5.0 (Macintosh; U; PPC Mac OS X; en) AppleWebKit/419 (KHTML, like Gecko) Safari/419.3"
212.18.236.146 - - [09/Jul/2007:09:21:28 +0000] "GET /favicon.ico HTTP/1.1" 404 - "-" "Mozilla/5.0 (Macintosh; U; PPC Mac OS X; en) AppleWebKit/419 (KHTML, like Gecko) Safari/419.3"
212.18.236.146 - - [09/Jul/2007:09:21:40 +0000] "GET /resourcesearch.php?resourcename=FOR+QUEEN+AND+COUNTRY HTTP/1.1" 200 3682 "http://www.dummydomain.co.uk/resources.php" "Mozilla/5.0 (Macintosh; U; PPC Mac OS X; en) AppleWebKit/419 (KHTML, like Gecko) Safari/419.3"
212.18.236.146 - - [09/Jul/2007:09:21:42 +0000] "GET /favicon.ico HTTP/1.1" 404 - "-" "Mozilla/5.0 (Macintosh; U; PPC Mac OS X; en) AppleWebKit/419 (KHTML, like Gecko) Safari/419.3"
212.18.236.146 - - [09/Jul/2007:09:21:48 +0000] "GET /favicon.ico HTTP/1.1" 404 - "-" "Mozilla/5.0 (Macintosh; U; PPC Mac OS X; en) AppleWebKit/419 (KHTML, like Gecko) Safari/419.3"
212.18.236.146 - - [09/Jul/2007:09:21:51 +0000] "GET /resourcesearch.php?resourcename=BULLETBOY HTTP/1.1" 200 3669 "http://www.dummydomain.co.uk/resources.php" "Mozilla/5.0 (Macintosh; U; PPC Mac OS X; en) AppleWebKit/419 (KHTML, like Gecko) Safari/419.3"
212.18.236.146 - - [09/Jul/2007:09:21:52 +0000] "GET /favicon.ico HTTP/1.1" 404 - "-" "Mozilla/5.0 (Macintosh; U; PPC Mac OS X; en) AppleWebKit/419 (KHTML, like Gecko) Safari/419.3"
212.18.236.146 - - [09/Jul/2007:09:21:59 +0000] "GET /favicon.ico HTTP/1.1" 404 - "-" "Mozilla/5.0 (Macintosh; U; PPC Mac OS X; en) AppleWebKit/419 (KHTML, like Gecko) Safari/419.3"
74.6.68.125 - - [09/Jul/2007:09:22:01 +0000] "GET /resource.php?res_id=222 HTTP/1.0" 200 3925 "-" "Mozilla/5.0 (compatible; Yahoo! Slurp; http://help.yahoo.com/help/us/ysearch/slurp)"
212.18.236.146 - - [09/Jul/2007:09:22:02 +0000] "GET /resourcesearch.php?resourcename=I.D. HTTP/1.1" 200 3664 "http://www.dummydomain.co.uk/resources.php" "Mozilla/5.0 (Macintosh; U; PPC Mac OS X; en) AppleWebKit/419 (KHTML, like Gecko) Safari/419.3"
212.18.236.146 - - [09/Jul/2007:09:22:04 +0000] "GET /favicon.ico HTTP/1.1" 404 - "-" "Mozilla/5.0 (Macintosh; U; PPC Mac OS X; en) AppleWebKit/419 (KHTML, like Gecko) Safari/419.3"
212.18.236.146 - - [09/Jul/2007:09:22:07 +0000] "GET /favicon.ico HTTP/1.1" 404 - "-" "Mozilla/5.0 (Macintosh; U; PPC Mac OS X; en) AppleWebKit/419 (KHTML, like Gecko) Safari/419.3"
212.18.236.146 - - [09/Jul/2007:09:22:10 +0000] "GET /resourcesearch.php?resourcename=THE+FIRM HTTP/1.1" 200 3664 "http://www.dummydomain.co.uk/resources.php" "Mozilla/5.0 (Macintosh; U; PPC Mac OS X; en) AppleWebKit/419 (KHTML, like Gecko) Safari/419.3"
212.18.236.146 - - [09/Jul/2007:09:22:12 +0000] "GET /favicon.ico HTTP/1.1" 404 - "-" "Mozilla/5.0 (Macintosh; U; PPC Mac OS X; en) AppleWebKit/419 (KHTML, like Gecko) Safari/419.3"
212.18.236.146 - - [09/Jul/2007:09:22:14 +0000] "GET /favicon.ico HTTP/1.1" 404 - "-" "Mozilla/5.0 (Macintosh; U; PPC Mac OS X; en) AppleWebKit/419 (KHTML, like Gecko) Safari/419.3"
212.18.236.146 - - [09/Jul/2007:09:22:18 +0000] "GET /resourcesearch.php?resourcename=THE+KRAYS HTTP/1.1" 200 3662 "http://www.dummydomain.co.uk/resources.php" "Mozilla/5.0 (Macintosh; U; PPC Mac OS X; en) AppleWebKit/419 (KHTML, like Gecko) Safari/419.3"
212.18.236.146 - - [09/Jul/2007:09:22:22 +0000] "GET /favicon.ico HTTP/1.1" 404 - "-" "Mozilla/5.0 (Macintosh; U; PPC Mac OS X; en) AppleWebKit/419 (KHTML, like Gecko) Safari/419.3"
74.6.72.52 - - [09/Jul/2007:09:22:33 +0000] "GET /resource.php?res_id=304 HTTP/1.0" 200 4470 "-" "Mozilla/5.0 (compatible; Yahoo! Slurp; http://help.yahoo.com/help/us/ysearch/slurp)"
66.249.72.79 - - [09/Jul/2007:09:23:10 +0000] "GET /resourcesearch.php?title_start=a-b HTTP/1.1" 200 6763 "-" "Mozilla/5.0 (compatible; Googlebot/2.1; +http://www.google.com/bot.html)"
74.6.21.152 - - [09/Jul/2007:09:25:05 +0000] "GET /resource.php?res_id=219 HTTP/1.0" 200 3882 "-" "Mozilla/5.0 (compatible; Yahoo! Slurp; http://help.yahoo.com/help/us/ysearch/slurp)"
74.6.70.94 - - [09/Jul/2007:09:25:46 +0000] "GET /loc.php?l_id=505 HTTP/1.0" 200 3719 "-" "Mozilla/5.0 (compatible; Yahoo! Slurp; http://help.yahoo.com/help/us/ysearch/slurp)"
194.80.183.1 - - [09/Jul/2007:09:25:47 +0000] "GET / HTTP/1.0" 200 20731 "http://www.google.co.uk/search?hl=en&q=where+did+they+resource+pride+and+prejudice%3F&meta=" "Mozilla/4.0 (compatible; MSIE 6.0; Windows NT 5.1)"
194.80.183.1 - - [09/Jul/2007:09:25:47 +0000] "GET /include/standard.css HTTP/1.0" 200 557 "http://www.dummydomain.co.uk/" "Mozilla/4.0 (compatible; MSIE 6.0; Windows NT 5.1)"
216.171.98.77 - - [09/Jul/2007:09:25:47 +0000] "GET / HTTP/1.0" 200 20742 "-" "Mozilla/5.0 (X11; U; Linux i686; en-US; rv:1.7.5) Gecko/20041107 Firefox/1.0"
194.80.183.1 - - [09/Jul/2007:09:25:48 +0000] "GET /images/resourcecell.gif HTTP/1.0" 200 335 "http://www.dummydomain.co.uk/" "Mozilla/4.0 (compatible; MSIE 6.0; Windows NT 5.1)"
194.80.183.1 - - [09/Jul/2007:09:25:48 +0000] "GET /images/homeimg.gif HTTP/1.0" 200 625 "http://www.dummydomain.co.uk/" "Mozilla/4.0 (compatible; MSIE 6.0; Windows NT 5.1)"
194.80.183.1 - - [09/Jul/2007:09:25:48 +0000] "GET /images/banner.gif HTTP/1.0" 200 10302 "http://www.dummydomain.co.uk/" "Mozilla/4.0 (compatible; MSIE 6.0; Windows NT 5.1)"
194.80.183.1 - - [09/Jul/2007:09:25:48 +0000] "GET /images/locationsimg.gif HTTP/1.0" 200 761 "http://www.dummydomain.co.uk/" "Mozilla/4.0 (compatible; MSIE 6.0; Windows NT 5.1)"
194.80.183.1 - - [09/Jul/2007:09:25:48 +0000] "GET /images/contactusimg.gif HTTP/1.0" 200 790 "http://www.dummydomain.co.uk/" "Mozilla/4.0 (compatible; MSIE 6.0; Windows NT 5.1)"
194.80.183.1 - - [09/Jul/2007:09:25:48 +0000] "GET /images/resourcesimg.gif HTTP/1.0" 200 589 "http://www.dummydomain.co.uk/" "Mozilla/4.0 (compatible; MSIE 6.0; Windows NT 5.1)"
194.80.183.1 - - [09/Jul/2007:09:25:49 +0000] "GET /images/legalimg.gif HTTP/1.0" 200 617 "http://www.dummydomain.co.uk/" "Mozilla/4.0 (compatible; MSIE 6.0; Windows NT 5.1)"
194.80.183.1 - - [09/Jul/2007:09:25:49 +0000] "GET /images/linksimg.gif HTTP/1.0" 200 603 "http://www.dummydomain.co.uk/" "Mozilla/4.0 (compatible; MSIE 6.0; Windows NT 5.1)"
194.80.183.1 - - [09/Jul/2007:09:25:57 +0000] "GET /resource.php?res_id=354 HTTP/1.0" 200 4294 "http://www.google.co.uk/search?hl=en&q=where+did+they+resource+pride+and+prejudice%3F&meta=" "Mozilla/4.0 (compatible; MSIE 6.0; Windows NT 5.1)"
216.171.98.77 - - [09/Jul/2007:09:25:57 +0000] "GET /resource.php HTTP/1.0" 200 3379 "-" "Mozilla/5.0 (X11; U; Linux i686; en-US; rv:1.7.5) Gecko/20041107 Firefox/1.0"
194.80.183.1 - - [09/Jul/2007:09:25:57 +0000] "GET /images/buy_at_amazon.gif HTTP/1.0" 200 2240 "http://www.dummydomain.co.uk/resource.php?res_id=354" "Mozilla/4.0 (compatible; MSIE 6.0; Windows NT 5.1)"
74.6.18.135 - - [09/Jul/2007:09:26:05 +0000] "GET /loc.php?l_id=191 HTTP/1.0" 200 3724 "-" "Mozilla/5.0 (compatible; Yahoo! Slurp; http://help.yahoo.com/help/us/ysearch/slurp)"
66.249.72.79 - - [09/Jul/2007:09:27:01 +0000] "GET /loc.php?l_id=481 HTTP/1.1" 200 3735 "-" "Mozilla/5.0 (compatible; Googlebot/2.1; +http://www.google.com/bot.html)"
74.6.28.17 - - [09/Jul/2007:09:28:12 +0000] "GET /loc.php?l_id=723 HTTP/1.0" 200 3736 "-" "Mozilla/5.0 (compatible; Yahoo! Slurp; http://help.yahoo.com/help/us/ysearch/slurp)"
74.6.73.247 - - [09/Jul/2007:09:29:24 +0000] "GET /loc.php?l_id=109 HTTP/1.0" 200 3710 "-" "Mozilla/5.0 (compatible; Yahoo! Slurp; http://help.yahoo.com/help/us/ysearch/slurp)"
65.55.209.4 - - [09/Jul/2007:09:30:47 +0000] "GET /robots.txt HTTP/1.0" 404 - "-" "msnbot/1.0 (+http://search.msn.com/msnbot.htm)"
65.55.209.4 - - [09/Jul/2007:09:30:47 +0000] "GET /loc.php?l_id=475 HTTP/1.0" 200 3921 "-" "msnbot/1.0 (+http://search.msn.com/msnbot.htm)"
65.55.209.4 - - [09/Jul/2007:09:30:47 +0000] "GET /loc.php?l_id=793 HTTP/1.0" 200 3789 "-" "msnbot/1.0 (+http://search.msn.com/msnbot.htm)"
87.86.88.82 - - [09/Jul/2007:09:33:25 +0000] "GET / HTTP/1.1" 200 20819 "http://www.somewhere.org.uk/61" "Mozilla/4.0 (compatible; MSIE 6.0; Windows NT 5.1; SV1; InfoPath.1)"
87.86.88.82 - - [09/Jul/2007:09:33:25 +0000] "GET /include/standard.css HTTP/1.1" 200 557 "http://www.dummydomain.co.uk/" "Mozilla/4.0 (compatible; MSIE 6.0; Windows NT 5.1; SV1; InfoPath.1)"
87.86.88.82 - - [09/Jul/2007:09:33:26 +0000] "GET /images/resourcecell.gif HTTP/1.1" 200 335 "http://www.dummydomain.co.uk/" "Mozilla/4.0 (compatible; MSIE 6.0; Windows NT 5.1; SV1; InfoPath.1)"
87.86.88.82 - - [09/Jul/2007:09:33:26 +0000] "GET /images/banner.gif HTTP/1.1" 200 10302 "http://www.dummydomain.co.uk/" "Mozilla/4.0 (compatible; MSIE 6.0; Windows NT 5.1; SV1; InfoPath.1)"
87.86.88.82 - - [09/Jul/2007:09:33:26 +0000] "GET /images/homeimg.gif HTTP/1.1" 200 625 "http://www.dummydomain.co.uk/" "Mozilla/4.0 (compatible; MSIE 6.0; Windows NT 5.1; SV1; InfoPath.1)"
87.86.88.82 - - [09/Jul/2007:09:33:26 +0000] "GET /images/resourcesimg.gif HTTP/1.1" 200 589 "http://www.dummydomain.co.uk/" "Mozilla/4.0 (compatible; MSIE 6.0; Windows NT 5.1; SV1; InfoPath.1)"
87.86.88.82 - - [09/Jul/2007:09:33:26 +0000] "GET /images/locationsimg.gif HTTP/1.1" 200 761 "http://www.dummydomain.co.uk/" "Mozilla/4.0 (compatible; MSIE 6.0; Windows NT 5.1; SV1; InfoPath.1)"
87.86.88.82 - - [09/Jul/2007:09:33:26 +0000] "GET /images/contactusimg.gif HTTP/1.1" 200 790 "http://www.dummydomain.co.uk/" "Mozilla/4.0 (compatible; MSIE 6.0; Windows NT 5.1; SV1; InfoPath.1)"
87.86.88.82 - - [09/Jul/2007:09:33:26 +0000] "GET /images/legalimg.gif HTTP/1.1" 200 617 "http://www.dummydomain.co.uk/" "Mozilla/4.0 (compatible; MSIE 6.0; Windows NT 5.1; SV1; InfoPath.1)"
87.86.88.82 - - [09/Jul/2007:09:33:26 +0000] "GET /images/linksimg.gif HTTP/1.1" 200 603 "http://www.dummydomain.co.uk/" "Mozilla/4.0 (compatible; MSIE 6.0; Windows NT 5.1; SV1; InfoPath.1)"
62.60.98.133 - - [09/Jul/2007:09:33:47 +0000] "GET /resource.php?res_id=369 HTTP/1.1" 200 4010 "-" "Mozilla/4.0 (compatible; MSIE 6.0; Windows NT 5.1; .NET CLR 1.1.4322)"
62.60.98.133 - - [09/Jul/2007:09:33:56 +0000] "GET /loc.php?l_id=752 HTTP/1.1" 200 3835 "http://www.dummydomain.co.uk/resource.php?res_id=369" "Mozilla/4.0 (compatible; MSIE 6.0; Windows NT 5.1; .NET CLR 1.1.4322)"
74.6.25.158 - - [09/Jul/2007:09:34:31 +0000] "GET /loc.php?l_id=434 HTTP/1.0" 200 3748 "-" "Mozilla/5.0 (compatible; Yahoo! Slurp; http://help.yahoo.com/help/us/ysearch/slurp)"
74.6.69.27 - - [09/Jul/2007:09:35:39 +0000] "GET /loc.php?l_id=261 HTTP/1.0" 200 3907 "-" "Mozilla/5.0 (compatible; Yahoo! Slurp; http://help.yahoo.com/help/us/ysearch/slurp)"
74.6.26.119 - - [09/Jul/2007:09:35:57 +0000] "GET /resource.php?res_id=22 HTTP/1.0" 200 4672 "-" "Mozilla/5.0 (compatible; Yahoo! Slurp; http://help.yahoo.com/help/us/ysearch/slurp)"
74.6.21.47 - - [09/Jul/2007:09:36:50 +0000] "GET /resource.php?res_id=286 HTTP/1.0" 200 3796 "-" "Mozilla/5.0 (compatible; Yahoo! Slurp; http://help.yahoo.com/help/us/ysearch/slurp)"
